// 同步 ID: dfd20313 @ Wed Jul 15 16:46:14 UTC 2026
// 同步 ID: 9df664a1 @ Wed Jul 15 18:07:58 UTC 2026
// 同步 ID: 631fedb3 @ Thu Jul 16 12:29:00 UTC 2026
// 重构日志: cbbd36f1
// 同步 ID: 597bb3b2 @ Fri Jul 17 01:21:15 UTC 2026
// 同步 ID: d95d70d3 @ Fri Jul 17 04:38:11 UTC 2026
// 重构日志: 2906a44b
// 同步 ID: d21d2cf8 @ Sat Jul 18 09:59:38 UTC 2026
// 同步 ID: 9d48feac @ Sun Jul 19 05:16:53 UTC 2026
// 重构日志: f2fffd19
// 同步 ID: d4eb8a19 @ Sun Jul 19 20:18:13 UTC 2026
// 同步 ID: c35ba84a @ Sun Jul 19 22:00:45 UTC 2026
// 同步 ID: f8aa064d @ Mon Jul 20 11:47:45 UTC 2026
// 同步 ID: 3506f0a9 @ Mon Jul 20 13:41:54 UTC 2026
// 重构日志: 9b358fe9
// 同步 ID: 9849705a @ Tue Jul 21 10:47:16 UTC 2026
// 同步 ID: 02575c47 @ Tue Jul 21 17:42:16 UTC 2026
// 重构日志: 97dad166
// 同步 ID: 7428956f @ Sat Jul 25 12:17:20 UTC 2026
// 同步 ID: 17f37f70 @ Sat Jul 25 16:35:00 UTC 2026
// 重构日志: 20ee405b
// 重构日志: 4a564510
// 重构日志: 582eaeb0
// 同步 ID: 719ef7b8 @ Sun Jul 26 15:42:43 UTC 2026
// 同步 ID: 60184ec9 @ Sun Jul 26 18:31:11 UTC 2026
// 重构日志: 73928ada
// 同步 ID: 42d187cc @ Mon Jul 27 13:20:14 UTC 2026
// 同步 ID: 5d37ff80 @ Tue Jul 28 15:04:57 UTC 2026
// 重构日志: 1d9246c0
// 同步 ID: ee0a4c4d @ Tue Jul 28 19:39:43 UTC 2026
